// Jest Snapshot v1, https://goo.gl/fbAQLP

exports[`jpg 1`] = `
Object {
  "contentType": "image/jpg",
  "emptyFile": Object {
    "data": Array [
      255,
      216,
      255,
      219,
      0,
      67,
      0,
      3,
      2,
      2,
      2,
      2,
      2,
      3,
      2,
      2,
      2,
      3,
      3,
      3,
      3,
      4,
      6,
      4,
      4,
      4,
      4,
      4,
      8,
      6,
      6,
      5,
      6,
      9,
      8,
      10,
      10,
      9,
      8,
      9,
      9,
      10,
      12,
      15,
      12,
      10,
      11,
      14,
      11,
      9,
      9,
      13,
      17,
      13,
      14,
      15,
      16,
      16,
      17,
      16,
      10,
      12,
      18,
      19,
      18,
      16,
      19,
      15,
      16,
      16,
      16,
      255,
      201,
      0,
      11,
      8,
      0,
      1,
      0,
      1,
      1,
      1,
      17,
      0,
      255,
      204,
      0,
      6,
      0,
      16,
      16,
      5,
      255,
      218,
      0,
      8,
      1,
      1,
      0,
      0,
      63,
      0,
      210,
      207,
      32,
      255,
      217,
    ],
    "type": "Buffer",
  },
  "extension": "jpg",
}
`;

exports[`pbf 1`] = `
Object {
  "contentType": "application/x-protobuf",
  "emptyFile": Object {
    "data": Array [],
    "type": "Buffer",
  },
  "extension": "pbf",
}
`;

exports[`png 1`] = `
Object {
  "contentType": "image/png",
  "emptyFile": Object {
    "data": Array [
      137,
      80,
      78,
      71,
      13,
      10,
      26,
      10,
      0,
      0,
      0,
      13,
      73,
      72,
      68,
      82,
      0,
      0,
      0,
      1,
      0,
      0,
      0,
      1,
      8,
      6,
      0,
      0,
      0,
      31,
      21,
      196,
      137,
      0,
      0,
      0,
      10,
      73,
      68,
      65,
      84,
      120,
      156,
      99,
      0,
      1,
      0,
      0,
      5,
      0,
      1,
      13,
      10,
      45,
      180,
      0,
      0,
      0,
      0,
      73,
      69,
      78,
      68,
      174,
      66,
      96,
      130,
    ],
    "type": "Buffer",
  },
  "extension": "png",
}
`;

exports[`unknown 1`] = `Object {}`;
